
========== Testing FSQ3 Key without Bearer ==========
Status: 410
Γ¥î Failed: This endpoint is no longer supported. Please refer to our documentation for how to migrate to Foursquare's new endpoints: https://docs.foursquare.com/fsq-developers-places/reference/migration-guide

========== Testing FSQ3 Key with Bearer ==========
Status: 401
Γ¥î Failed: Invalid request token.

========== Testing Service Key without Bearer ==========
Status: 401
Γ¥î Failed: Invalid request token.

========== Testing Service Key with Bearer ==========
Status: 401
Γ¥î Failed: Invalid request token.
